#
# There is insufficient memory for the Java Runtime Environment to continue.
# Native memory allocation (malloc) failed to allocate 1213008 bytes. Error detail: Chunk::new
# Possible reasons:
#   The system is out of physical RAM or swap space
#   This process is running with CompressedOops enabled, and the Java Heap may be blocking the growth of the native heap
# Possible solutions:
#   Reduce memory load on the system
#   Increase physical memory or swap space
#   Check if swap backing store is full
#   Decrease Java heap size (-Xmx/-Xms)
#   Decrease number of Java threads
#   Decrease Java thread stack sizes (-Xss)
#   Set larger code cache with -XX:ReservedCodeCacheSize=
#   JVM is running with Unscaled Compressed Oops mode in which the Java heap is
#     placed in the first 4GB address space. The Java Heap base address is the
#     maximum limit for the native heap growth. Please use -XX:HeapBaseMinAddress
#     to set the Java Heap base and to place the Java Heap above 4GB virtual address.
# This output file may be truncated or incomplete.
#
#  Out of Memory Error (arena.cpp:168), pid=29684, tid=18868
#
# JRE version: OpenJDK Runtime Environment Temurin-21.0.10+7 (21.0.10+7) (build 21.0.10+7-LTS)
# Java VM: OpenJDK 64-Bit Server VM Temurin-21.0.10+7 (21.0.10+7-LTS, mixed mode, sharing, tiered, compressed oops, compressed class ptrs, parallel gc, windows-amd64)
# No core dump will be written. Minidumps are not enabled by default on client versions of Windows
#

---------------  S U M M A R Y ------------

Command Line: --add-modules=ALL-SYSTEM --add-opens=java.base/java.util=ALL-UNNAMED --add-opens=java.base/java.lang=ALL-UNNAMED --add-opens=java.base/sun.nio.fs=ALL-UNNAMED -Declipse.application=org.eclipse.jdt.ls.core.id1 -Dosgi.bundles.defaultStartLevel=4 -Declipse.product=org.eclipse.jdt.ls.core.product -Djava.import.generatesMetadataFilesAtProjectRoot=false -DDetectVMInstallationsJob.disabled=true -Dfile.encoding=utf8 -XX:+UseParallelGC -XX:GCTimeRatio=4 -XX:AdaptiveSizePolicyWeight=90 -Dsun.zip.disableMemoryMapping=true -Xmx2G -Xms100m -Xlog:disable -javaagent:c:\Users\FP504508\.vscode\extensions\redhat.java-1.54.0-win32-x64\lombok\lombok-1.18.39-4050.jar c:\Users\FP504508\.vscode\extensions\redhat.java-1.54.0-win32-x64\server\plugins\org.eclipse.equinox.launcher_1.7.100.v20251111-0406.jar -configuration c:\Users\FP504508\AppData\Roaming\Code\User\globalStorage\redhat.java\1.54.0\config_ss_win -data c:\Users\FP504508\AppData\Roaming\Code\User\workspaceStorage\fffd1d3664af77027f2cff92e7ff2896\redhat.java\ss_ws --pipe=\\.\pipe\lsp-131a0c35693d3c09b120b5fe32ace5e7-sock

Host: 11th Gen Intel(R) Core(TM) i7-1185G7 @ 3.00GHz, 8 cores, 23G,  Windows 10 , 64 bit Build 19041 (10.0.19041.7291)
Time: Wed Jun  3 10:35:49 2026 Hora estándar central (México) elapsed time: 4.706800 seconds (0d 0h 0m 4s)

---------------  T H R E A D  ---------------

Current thread (0x000002c4d29995f0):  JavaThread "C2 CompilerThread0" daemon [_thread_in_native, id=18868, stack(0x000000f1d0800000,0x000000f1d0900000) (1024K)]


Current CompileTask:
C2:4706 4432       4       org.eclipse.osgi.internal.loader.BundleLoader::addExportedProvidersFor (167 bytes)

Stack: [0x000000f1d0800000,0x000000f1d0900000]
Native frames: (J=compiled Java code, j=interpreted, Vv=VM code, C=native code)
V  [jvm.dll+0x6d7a39]
V  [jvm.dll+0x8b4b26]
V  [jvm.dll+0x8b70de]
V  [jvm.dll+0x8b77c3]
V  [jvm.dll+0x284346]
V  [jvm.dll+0xc66ed]
V  [jvm.dll+0xc6c31]
V  [jvm.dll+0x3bec3b]
V  [jvm.dll+0x1e3f69]
V  [jvm.dll+0x24c6b3]
V  [jvm.dll+0x24bb40]
V  [jvm.dll+0x1cb34e]
V  [jvm.dll+0x25b85d]
V  [jvm.dll+0x259dea]
V  [jvm.dll+0x3f857e]
V  [jvm.dll+0x85f59d]
V  [jvm.dll+0x6d626d]
C  [ucrtbase.dll+0x21bb2]
C  [KERNEL32.DLL+0x17374]
C  [ntdll.dll+0x4cc91]


---------------  P R O C E S S  ---------------

Threads class SMR info:
_java_thread_list=0x000002c4f1e02b80, length=42, elements={
0x000002c4d03af190, 0x000002c4e938b160, 0x000002c4e938ca70, 0x000002c4d2984260,
0x000002c4d2986f90, 0x000002c4d298d330, 0x000002c4d2998040, 0x000002c4d29995f0,
0x000002c4d299b0c0, 0x000002c4ead92a10, 0x000002c4eadd1960, 0x000002c4eaf1d4d0,
0x000002c4ef013ef0, 0x000002c4ef642ed0, 0x000002c4ef643560, 0x000002c4ef643bf0,
0x000002c4ef645630, 0x000002c4ef644280, 0x000002c4ef645cc0, 0x000002c4ef644910,
0x000002c4ef642840, 0x000002c4ef644fa0, 0x000002c4efdfca80, 0x000002c4efdff870,
0x000002c4efe01fd0, 0x000002c4efdfff00, 0x000002c4efe00590, 0x000002c4efdfd110,
0x000002c4efe01940, 0x000002c4efe00c20, 0x000002c4efe012b0, 0x000002c4efdfc3f0,
0x000002c4efe02660, 0x000002c4efdfd7a0, 0x000002c4efe02cf0, 0x000002c4efdfe4c0,
0x000002c4efdfeb50, 0x000002c4efdfbd60, 0x000002c4efdfde30, 0x000002c4efdff1e0,
0x000002c4f1c4f630, 0x000002c4f1c53140
}

Java Threads: ( => current thread )
  0x000002c4d03af190 JavaThread "main"                              [_thread_blocked, id=27608, stack(0x000000f1cfe00000,0x000000f1cff00000) (1024K)]
  0x000002c4e938b160 JavaThread "Reference Handler"          daemon [_thread_blocked, id=4264, stack(0x000000f1d0200000,0x000000f1d0300000) (1024K)]
  0x000002c4e938ca70 JavaThread "Finalizer"                  daemon [_thread_blocked, id=16676, stack(0x000000f1d0300000,0x000000f1d0400000) (1024K)]
  0x000002c4d2984260 JavaThread "Signal Dispatcher"          daemon [_thread_blocked, id=5948, stack(0x000000f1d0400000,0x000000f1d0500000) (1024K)]
  0x000002c4d2986f90 JavaThread "Attach Listener"            daemon [_thread_blocked, id=4060, stack(0x000000f1d0500000,0x000000f1d0600000) (1024K)]
  0x000002c4d298d330 JavaThread "Service Thread"             daemon [_thread_blocked, id=10228, stack(0x000000f1d0600000,0x000000f1d0700000) (1024K)]
  0x000002c4d2998040 JavaThread "Monitor Deflation Thread"   daemon [_thread_blocked, id=27620, stack(0x000000f1d0700000,0x000000f1d0800000) (1024K)]
=>0x000002c4d29995f0 JavaThread "C2 CompilerThread0"         daemon [_thread_in_native, id=18868, stack(0x000000f1d0800000,0x000000f1d0900000) (1024K)]
  0x000002c4d299b0c0 JavaThread "C1 CompilerThread0"         daemon [_thread_blocked, id=24308, stack(0x000000f1d0900000,0x000000f1d0a00000) (1024K)]
  0x000002c4ead92a10 JavaThread "C2 CompilerThread1"         daemon [_thread_in_native, id=17376, stack(0x000000f1d0a00000,0x000000f1d0b00000) (1024K)]
  0x000002c4eadd1960 JavaThread "Common-Cleaner"             daemon [_thread_blocked, id=16880, stack(0x000000f1d0b00000,0x000000f1d0c00000) (1024K)]
  0x000002c4eaf1d4d0 JavaThread "Notification Thread"        daemon [_thread_blocked, id=16868, stack(0x000000f1d0c00000,0x000000f1d0d00000) (1024K)]
  0x000002c4ef013ef0 JavaThread "C2 CompilerThread2"         daemon [_thread_in_native, id=16600, stack(0x000000f1d0d00000,0x000000f1d0e00000) (1024K)]
  0x000002c4ef642ed0 JavaThread "Equinox resolver thread - Equinox Container: 263fbdfa-bd76-4d57-ba1d-c0a22afa20cc" daemon [_thread_blocked, id=17568, stack(0x000000f1d1400000,0x000000f1d1500000) (1024K)]
  0x000002c4ef643560 JavaThread "Equinox resolver thread - Equinox Container: 263fbdfa-bd76-4d57-ba1d-c0a22afa20cc" daemon [_thread_blocked, id=27076, stack(0x000000f1d1500000,0x000000f1d1600000) (1024K)]
  0x000002c4ef643bf0 JavaThread "Equinox resolver thread - Equinox Container: 263fbdfa-bd76-4d57-ba1d-c0a22afa20cc" daemon [_thread_blocked, id=22368, stack(0x000000f1d1600000,0x000000f1d1700000) (1024K)]
  0x000002c4ef645630 JavaThread "Equinox resolver thread - Equinox Container: 263fbdfa-bd76-4d57-ba1d-c0a22afa20cc" daemon [_thread_blocked, id=14176, stack(0x000000f1d1700000,0x000000f1d1800000) (1024K)]
  0x000002c4ef644280 JavaThread "Equinox resolver thread - Equinox Container: 263fbdfa-bd76-4d57-ba1d-c0a22afa20cc" daemon [_thread_blocked, id=21548, stack(0x000000f1d1800000,0x000000f1d1900000) (1024K)]
  0x000002c4ef645cc0 JavaThread "Equinox resolver thread - Equinox Container: 263fbdfa-bd76-4d57-ba1d-c0a22afa20cc" daemon [_thread_blocked, id=11956, stack(0x000000f1d1900000,0x000000f1d1a00000) (1024K)]
  0x000002c4ef644910 JavaThread "Active Thread: Equinox Container: 263fbdfa-bd76-4d57-ba1d-c0a22afa20cc"        [_thread_blocked, id=20572, stack(0x000000f1d1a00000,0x000000f1d1b00000) (1024K)]
  0x000002c4ef642840 JavaThread "Framework Event Dispatcher: Equinox Container: 263fbdfa-bd76-4d57-ba1d-c0a22afa20cc" daemon [_thread_blocked, id=8732, stack(0x000000f1d1b00000,0x000000f1d1c00000) (1024K)]
  0x000002c4ef644fa0 JavaThread "Start Level: Equinox Container: 263fbdfa-bd76-4d57-ba1d-c0a22afa20cc" daemon [_thread_blocked, id=23088, stack(0x000000f1d1c00000,0x000000f1d1d00000) (1024K)]
  0x000002c4efdfca80 JavaThread "Refresh Thread: Equinox Container: 263fbdfa-bd76-4d57-ba1d-c0a22afa20cc" daemon [_thread_blocked, id=25568, stack(0x000000f1d1e00000,0x000000f1d1f00000) (1024K)]
  0x000002c4efdff870 JavaThread "Equinox resolver thread - Equinox Container: 263fbdfa-bd76-4d57-ba1d-c0a22afa20cc" daemon [_thread_blocked, id=25256, stack(0x000000f1d1f00000,0x000000f1d2000000) (1024K)]
  0x000002c4efe01fd0 JavaThread "Equinox resolver thread - Equinox Container: 263fbdfa-bd76-4d57-ba1d-c0a22afa20cc" daemon [_thread_blocked, id=9096, stack(0x000000f1d2000000,0x000000f1d2100000) (1024K)]
  0x000002c4efdfff00 JavaThread "SCR Component Actor"        daemon [_thread_blocked, id=7500, stack(0x000000f1d2100000,0x000000f1d2200000) (1024K)]
  0x000002c4efe00590 JavaThread "Worker-JM"                         [_thread_blocked, id=20732, stack(0x000000f1d2200000,0x000000f1d2300000) (1024K)]
  0x000002c4efdfd110 JavaThread "Worker-0"                          [_thread_blocked, id=29348, stack(0x000000f1d2300000,0x000000f1d2400000) (1024K)]
  0x000002c4efe01940 JavaThread "Worker-1"                          [_thread_blocked, id=26720, stack(0x000000f1d2400000,0x000000f1d2500000) (1024K)]
  0x000002c4efe00c20 JavaThread "JNA Cleaner"                daemon [_thread_blocked, id=23520, stack(0x000000f1d2500000,0x000000f1d2600000) (1024K)]
  0x000002c4efe012b0 JavaThread "Thread-1"                   daemon [_thread_in_native, id=20176, stack(0x000000f1d2800000,0x000000f1d2900000) (1024K)]
  0x000002c4efdfc3f0 JavaThread "Thread-2"                   daemon [_thread_in_native, id=16524, stack(0x000000f1d2900000,0x000000f1d2a00000) (1024K)]
  0x000002c4efe02660 JavaThread "Thread-3"                   daemon [_thread_in_native, id=4212, stack(0x000000f1d2a00000,0x000000f1d2b00000) (1024K)]
  0x000002c4efdfd7a0 JavaThread "Thread-4"                   daemon [_thread_in_native, id=16032, stack(0x000000f1d2b00000,0x000000f1d2c00000) (1024K)]
  0x000002c4efe02cf0 JavaThread "Thread-5"                   daemon [_thread_in_native, id=28304, stack(0x000000f1d2c00000,0x000000f1d2d00000) (1024K)]
  0x000002c4efdfe4c0 JavaThread "Thread-6"                   daemon [_thread_in_native, id=9884, stack(0x000000f1d2d00000,0x000000f1d2e00000) (1024K)]
  0x000002c4efdfeb50 JavaThread "Thread-7"                   daemon [_thread_in_native, id=15488, stack(0x000000f1d2e00000,0x000000f1d2f00000) (1024K)]
  0x000002c4efdfbd60 JavaThread "Thread-8"                   daemon [_thread_in_native, id=26072, stack(0x000000f1d2f00000,0x000000f1d3000000) (1024K)]
  0x000002c4efdfde30 JavaThread "Thread-9"                   daemon [_thread_in_native, id=10192, stack(0x000000f1d3000000,0x000000f1d3100000) (1024K)]
  0x000002c4efdff1e0 JavaThread "pool-2-thread-1"                   [_thread_blocked, id=25452, stack(0x000000f1d3100000,0x000000f1d3200000) (1024K)]
  0x000002c4f1c4f630 JavaThread "WorkspaceEventsHandler"            [_thread_blocked, id=24512, stack(0x000000f1d3200000,0x000000f1d3300000) (1024K)]
  0x000002c4f1c53140 JavaThread "pool-1-thread-1"                   [_thread_in_Java, id=28920, stack(0x000000f1d3300000,0x000000f1d3400000) (1024K)]
Total: 42

Other Threads:
  0x000002c4e9373eb0 VMThread "VM Thread"                           [id=27572, stack(0x000000f1d0100000,0x000000f1d0200000) (1024K)]
  0x000002c4d296d3f0 WatcherThread "VM Periodic Task Thread"        [id=21916, stack(0x000000f1d0000000,0x000000f1d0100000) (1024K)]
  0x000002c4d2920d90 WorkerThread "GC Thread#0"                     [id=26300, stack(0x000000f1cff00000,0x000000f1d0000000) (1024K)]
  0x000002c4ef5b0a90 WorkerThread "GC Thread#1"                     [id=25556, stack(0x000000f1d0e00000,0x000000f1d0f00000) (1024K)]
  0x000002c4ef5b0e40 WorkerThread "GC Thread#2"                     [id=29088, stack(0x000000f1d0f00000,0x000000f1d1000000) (1024K)]
  0x000002c4ef012bc0 WorkerThread "GC Thread#3"                     [id=21588, stack(0x000000f1d1000000,0x000000f1d1100000) (1024K)]
  0x000002c4ef012f70 WorkerThread "GC Thread#4"                     [id=6372, stack(0x000000f1d1100000,0x000000f1d1200000) (1024K)]
  0x000002c4ef013320 WorkerThread "GC Thread#5"                     [id=11820, stack(0x000000f1d1200000,0x000000f1d1300000) (1024K)]
  0x000002c4ef0136d0 WorkerThread "GC Thread#6"                     [id=28396, stack(0x000000f1d1300000,0x000000f1d1400000) (1024K)]
  0x000002c4ef989480 WorkerThread "GC Thread#7"                     [id=17564, stack(0x000000f1d1d00000,0x000000f1d1e00000) (1024K)]
Total: 10

Threads with active compile tasks:
C2 CompilerThread0  4735 4432       4       org.eclipse.osgi.internal.loader.BundleLoader::addExportedProvidersFor (167 bytes)
C2 CompilerThread1  4735 4867       4       jdk.internal.jimage.ImageLocation::decompress (116 bytes)
C2 CompilerThread2  4735 4865       4       org.eclipse.jdt.internal.core.util.Util::splitOn (134 bytes)
Total: 3

VM state: not at safepoint (normal execution)

VM Mutex/Monitor currently owned by a thread: None

Heap address: 0x0000000080000000, size: 2048 MB, Compressed Oops mode: 32-bit

CDS archive(s) mapped at: [0x000002c480000000-0x000002c480ba0000-0x000002c480ba0000), size 12189696, SharedBaseAddress: 0x000002c480000000, ArchiveRelocationMode: 1.
Compressed class space mapped at: 0x000002c481000000-0x000002c4c1000000, reserved size: 1073741824
Narrow klass base: 0x000002c480000000, Narrow klass shift: 0, Narrow klass range: 0x100000000

GC Precious Log:
 CardTable entry size: 512
 CPUs: 8 total, 8 available
 Memory: 24256M
 Large Page Support: Disabled
 NUMA Support: Disabled
 Compressed Oops: Enabled (32-bit)
 Alignments: Space 512K, Generation 512K, Heap 2M
 Heap Min Capacity: 100M
 Heap Initial Capacity: 100M
 Heap Max Capacity: 2G
 Pre-touch: Disabled
 Parallel Workers: 8

Heap:
 PSYoungGen      total 24576K, used 10654K [0x00000000d5580000, 0x00000000d7200000, 0x0000000100000000)
  eden space 22528K, 39% used [0x00000000d5580000,0x00000000d5e2f8b0,0x00000000d6b80000)
  from space 2048K, 85% used [0x00000000d6e00000,0x00000000d6fb8020,0x00000000d7000000)
  to   space 2048K, 0% used [0x00000000d7000000,0x00000000d7000000,0x00000000d7200000)
 ParOldGen       total 68608K, used 15285K [0x0000000080000000, 0x0000000084300000, 0x00000000d5580000)
  object space 68608K, 22% used [0x0000000080000000,0x0000000080eed750,0x0000000084300000)
 Metaspace       used 32961K, committed 33856K, reserved 1114112K
  class space    used 3292K, committed 3712K, reserved 1048576K

Card table byte_map: [0x000002c4d22b0000,0x000002c4d26c0000] _byte_map_base: 0x000002c4d1eb0000

Marking Bits: (ParMarkBitMap*) 0x00007fff90593450
 Begin Bits: [0x000002c4e4d90000, 0x000002c4e6d90000)
 End Bits:   [0x000002c4e6d90000, 0x000002c4e8d90000)

Polling page: 0x000002c4d20a0000

Metaspace:

Usage:
  Non-class:     28.97 MB used.
      Class:      3.21 MB used.
       Both:     32.19 MB used.

Virtual space:
  Non-class space:       64.00 MB reserved,      29.44 MB ( 46%) committed,  1 nodes.
      Class space:        1.00 GB reserved,       3.62 MB ( <1%) committed,  1 nodes.
             Both:        1.06 GB reserved,      33.06 MB (  3%) committed. 

Chunk freelists:
   Non-Class:  1.82 MB
       Class:  12.24 MB
        Both:  14.05 MB

MaxMetaspaceSize: unlimited
CompressedClassSpaceSize: 1.00 GB
Initial GC threshold: 21.00 MB
Current GC threshold: 35.00 MB
CDS: on
 - commit_granule_bytes: 65536.
 - commit_granule_words: 8192.
 - virtual_space_node_default_size: 8388608.
 - enlarge_chunks_in_place: 1.
 - use_allocation_guard: 0.


Internal statistics:

num_allocs_failed_limit: 3.
num_arena_births: 626.
num_arena_deaths: 14.
num_vsnodes_births: 2.
num_vsnodes_deaths: 0.
num_space_committed: 529.
num_space_uncommitted: 0.
num_chunks_returned_to_freelist: 17.
num_chunks_taken_from_freelist: 1884.
num_chunk_merges: 7.
num_chunk_splits: 1223.
num_chunks_enlarged: 827.
num_inconsistent_stats: 0.

CodeHeap 'non-profiled nmethods': size=120000Kb used=2351Kb max_used=2351Kb free=117648Kb
 bounds [0x000002c4dd5b0000, 0x000002c4dd820000, 0x000002c4e4ae0000]
CodeHeap 'profiled nmethods': size=120000Kb used=10077Kb max_used=10077Kb free=109922Kb
 bounds [0x000002c4d5ae0000, 0x000002c4d64c0000, 0x000002c4dd010000]
CodeHeap 'non-nmethods': size=5760Kb used=1361Kb max_used=1392Kb free=4398Kb
 bounds [0x000002c4dd010000, 0x000002c4dd280000, 0x000002c4dd5b0000]
CodeCache: size=245760Kb, used=13789Kb, max_used=13820Kb, free=231968Kb
 total_blobs=5510, nmethods=4863, adapters=553, full_count=0
Compilation: enabled, stopped_count=0, restarted_count=0

Compilation events (20 events):
Event: 4.702 Thread 0x000002c4d299b0c0 nmethod 4800 0x000002c4d6497a90 code [0x000002c4d6497cc0, 0x000002c4d64984a8]
Event: 4.702 Thread 0x000002c4d299b0c0 4801       3       java.lang.invoke.MethodType::methodType (69 bytes)
Event: 4.702 Thread 0x000002c4ead92a10 4803       4       java.lang.invoke.MethodTypeForm::canonicalize (74 bytes)
Event: 4.702 Thread 0x000002c4d299b0c0 nmethod 4801 0x000002c4d6498810 code [0x000002c4d6498a20, 0x000002c4d6498ed0]
Event: 4.702 Thread 0x000002c4d299b0c0 4804       3       java.lang.invoke.MethodType::isAllObject (25 bytes)
Event: 4.702 Thread 0x000002c4d299b0c0 nmethod 4804 0x000002c4d6499090 code [0x000002c4d6499240, 0x000002c4d6499468]
Event: 4.703 Thread 0x000002c4ead92a10 nmethod 4803 0x000002c4dd7f6690 code [0x000002c4dd7f6820, 0x000002c4dd7f68f8]
Event: 4.703 Thread 0x000002c4d299b0c0 4805       3       java.lang.invoke.InvokerBytecodeGenerator$ClassData::<init> (20 bytes)
Event: 4.704 Thread 0x000002c4d299b0c0 nmethod 4805 0x000002c4d6499590 code [0x000002c4d6499740, 0x000002c4d64998e8]
Event: 4.704 Thread 0x000002c4d299b0c0 4806       3       java.lang.invoke.LambdaForm::<init> (53 bytes)
Event: 4.704 Thread 0x000002c4d299b0c0 nmethod 4806 0x000002c4d6499990 code [0x000002c4d6499b40, 0x000002c4d6499d20]
Event: 4.704 Thread 0x000002c4d299b0c0 4807       3       java.lang.invoke.LambdaFormBuffer::indexOf (33 bytes)
Event: 4.704 Thread 0x000002c4d299b0c0 nmethod 4807 0x000002c4d6499e10 code [0x000002c4d6499fe0, 0x000002c4d649a390]
Event: 4.704 Thread 0x000002c4d299b0c0 4808       3       jdk.internal.org.objectweb.asm.ClassWriter::visitSource (39 bytes)
Event: 4.704 Thread 0x000002c4d299b0c0 nmethod 4808 0x000002c4d649a490 code [0x000002c4d649a660, 0x000002c4d649aa58]
Event: 4.704 Thread 0x000002c4d299b0c0 4810   !   3       java.lang.invoke.LambdaForm::lambdaName (49 bytes)
Event: 4.704 Thread 0x000002c4ead92a10 4809       4       java.lang.invoke.DirectMethodHandle::internalMemberName (8 bytes)
Event: 4.704 Thread 0x000002c4d299b0c0 nmethod 4810 0x000002c4d649ac10 code [0x000002c4d649ada0, 0x000002c4d649aec8]
Event: 4.704 Thread 0x000002c4d299b0c0 4812       3       java.lang.invoke.InvokerBytecodeGenerator::clinit (351 bytes)
Event: 4.705 Thread 0x000002c4ead92a10 nmethod 4809 0x000002c4dd7f6d10 code [0x000002c4dd7f6ea0, 0x000002c4dd7f6f60]

GC Heap History (20 events):
Event: 1.617 GC heap before
{Heap before GC invocations=3 (full 0):
 PSYoungGen      total 29696K, used 29680K [0x00000000d5580000, 0x00000000d7680000, 0x0000000100000000)
  eden space 25600K, 100% used [0x00000000d5580000,0x00000000d6e80000,0x00000000d6e80000)
  from space 4096K, 99% used [0x00000000d7280000,0x00000000d767c148,0x00000000d7680000)
  to   space 4096K, 0% used [0x00000000d6e80000,0x00000000d6e80000,0x00000000d7280000)
 ParOldGen       total 68608K, used 64K [0x0000000080000000, 0x0000000084300000, 0x00000000d5580000)
  object space 68608K, 0% used [0x0000000080000000,0x0000000080010000,0x0000000084300000)
 Metaspace       used 8877K, committed 9152K, reserved 1114112K
  class space    used 921K, committed 1088K, reserved 1048576K
}
Event: 1.623 GC heap after
{Heap after GC invocations=3 (full 0):
 PSYoungGen      total 29696K, used 4083K [0x00000000d5580000, 0x00000000d7680000, 0x0000000100000000)
  eden space 25600K, 0% used [0x00000000d5580000,0x00000000d5580000,0x00000000d6e80000)
  from space 4096K, 99% used [0x00000000d6e80000,0x00000000d727cf00,0x00000000d7280000)
  to   space 4096K, 0% used [0x00000000d7280000,0x00000000d7280000,0x00000000d7680000)
 ParOldGen       total 68608K, used 6419K [0x0000000080000000, 0x0000000084300000, 0x00000000d5580000)
  object space 68608K, 9% used [0x0000000080000000,0x0000000080644d18,0x0000000084300000)
 Metaspace       used 8877K, committed 9152K, reserved 1114112K
  class space    used 921K, committed 1088K, reserved 1048576K
}
Event: 2.159 GC heap before
{Heap before GC invocations=4 (full 0):
 PSYoungGen      total 29696K, used 29683K [0x00000000d5580000, 0x00000000d7680000, 0x0000000100000000)
  eden space 25600K, 100% used [0x00000000d5580000,0x00000000d6e80000,0x00000000d6e80000)
  from space 4096K, 99% used [0x00000000d6e80000,0x00000000d727cf00,0x00000000d7280000)
  to   space 4096K, 0% used [0x00000000d7280000,0x00000000d7280000,0x00000000d7680000)
 ParOldGen       total 68608K, used 6419K [0x0000000080000000, 0x0000000084300000, 0x00000000d5580000)
  object space 68608K, 9% used [0x0000000080000000,0x0000000080644d18,0x0000000084300000)
 Metaspace       used 12580K, committed 13056K, reserved 1114112K
  class space    used 1314K, committed 1536K, reserved 1048576K
}
Event: 2.165 GC heap after
{Heap after GC invocations=4 (full 0):
 PSYoungGen      total 29696K, used 4092K [0x00000000d5580000, 0x00000000d7680000, 0x0000000100000000)
  eden space 25600K, 0% used [0x00000000d5580000,0x00000000d5580000,0x00000000d6e80000)
  from space 4096K, 99% used [0x00000000d7280000,0x00000000d767f2b8,0x00000000d7680000)
  to   space 4096K, 0% used [0x00000000d6e80000,0x00000000d6e80000,0x00000000d7280000)
 ParOldGen       total 68608K, used 8204K [0x0000000080000000, 0x0000000084300000, 0x00000000d5580000)
  object space 68608K, 11% used [0x0000000080000000,0x0000000080803210,0x0000000084300000)
 Metaspace       used 12580K, committed 13056K, reserved 1114112K
  class space    used 1314K, committed 1536K, reserved 1048576K
}
Event: 2.683 GC heap before
{Heap before GC invocations=5 (full 0):
 PSYoungGen      total 29696K, used 29692K [0x00000000d5580000, 0x00000000d7680000, 0x0000000100000000)
  eden space 25600K, 100% used [0x00000000d5580000,0x00000000d6e80000,0x00000000d6e80000)
  from space 4096K, 99% used [0x00000000d7280000,0x00000000d767f2b8,0x00000000d7680000)
  to   space 4096K, 0% used [0x00000000d6e80000,0x00000000d6e80000,0x00000000d7280000)
 ParOldGen       total 68608K, used 8204K [0x0000000080000000, 0x0000000084300000, 0x00000000d5580000)
  object space 68608K, 11% used [0x0000000080000000,0x0000000080803210,0x0000000084300000)
 Metaspace       used 16809K, committed 17408K, reserved 1114112K
  class space    used 1719K, committed 1984K, reserved 1048576K
}
Event: 2.688 GC heap after
{Heap after GC invocations=5 (full 0):
 PSYoungGen      total 29184K, used 4078K [0x00000000d5580000, 0x00000000d7b00000, 0x0000000100000000)
  eden space 25088K, 0% used [0x00000000d5580000,0x00000000d5580000,0x00000000d6e00000)
  from space 4096K, 99% used [0x00000000d6e80000,0x00000000d727b900,0x00000000d7280000)
  to   space 6656K, 0% used [0x00000000d7480000,0x00000000d7480000,0x00000000d7b00000)
 ParOldGen       total 68608K, used 10346K [0x0000000080000000, 0x0000000084300000, 0x00000000d5580000)
  object space 68608K, 15% used [0x0000000080000000,0x0000000080a1ab90,0x0000000084300000)
 Metaspace       used 16809K, committed 17408K, reserved 1114112K
  class space    used 1719K, committed 1984K, reserved 1048576K
}
Event: 2.891 GC heap before
{Heap before GC invocations=6 (full 0):
 PSYoungGen      total 29184K, used 29166K [0x00000000d5580000, 0x00000000d7b00000, 0x0000000100000000)
  eden space 25088K, 100% used [0x00000000d5580000,0x00000000d6e00000,0x00000000d6e00000)
  from space 4096K, 99% used [0x00000000d6e80000,0x00000000d727b900,0x00000000d7280000)
  to   space 6656K, 0% used [0x00000000d7480000,0x00000000d7480000,0x00000000d7b00000)
 ParOldGen       total 68608K, used 10346K [0x0000000080000000, 0x0000000084300000, 0x00000000d5580000)
  object space 68608K, 15% used [0x0000000080000000,0x0000000080a1ab90,0x0000000084300000)
 Metaspace       used 20048K, committed 20672K, reserved 1114112K
  class space    used 1951K, committed 2240K, reserved 1048576K
}
Event: 2.895 GC heap after
{Heap after GC invocations=6 (full 0):
 PSYoungGen      total 29184K, used 4520K [0x00000000d5580000, 0x00000000d7900000, 0x0000000100000000)
  eden space 24576K, 0% used [0x00000000d5580000,0x00000000d5580000,0x00000000d6d80000)
  from space 4608K, 98% used [0x00000000d7480000,0x00000000d78ea360,0x00000000d7900000)
  to   space 5632K, 0% used [0x00000000d6e00000,0x00000000d6e00000,0x00000000d7380000)
 ParOldGen       total 68608K, used 10346K [0x0000000080000000, 0x0000000084300000, 0x00000000d5580000)
  object space 68608K, 15% used [0x0000000080000000,0x0000000080a1ab90,0x0000000084300000)
 Metaspace       used 20048K, committed 20672K, reserved 1114112K
  class space    used 1951K, committed 2240K, reserved 1048576K
}
Event: 2.946 GC heap before
{Heap before GC invocations=7 (full 0):
 PSYoungGen      total 29184K, used 12468K [0x00000000d5580000, 0x00000000d7900000, 0x0000000100000000)
  eden space 24576K, 32% used [0x00000000d5580000,0x00000000d5d42e60,0x00000000d6d80000)
  from space 4608K, 98% used [0x00000000d7480000,0x00000000d78ea360,0x00000000d7900000)
  to   space 5632K, 0% used [0x00000000d6e00000,0x00000000d6e00000,0x00000000d7380000)
 ParOldGen       total 68608K, used 10346K [0x0000000080000000, 0x0000000084300000, 0x00000000d5580000)
  object space 68608K, 15% used [0x0000000080000000,0x0000000080a1ab90,0x0000000084300000)
 Metaspace       used 20913K, committed 21504K, reserved 1114112K
  class space    used 2022K, committed 2304K, reserved 1048576K
}
Event: 2.950 GC heap after
{Heap after GC invocations=7 (full 0):
 PSYoungGen      total 28672K, used 3762K [0x00000000d5580000, 0x00000000d7680000, 0x0000000100000000)
  eden space 24576K, 0% used [0x00000000d5580000,0x00000000d5580000,0x00000000d6d80000)
  from space 4096K, 91% used [0x00000000d6e00000,0x00000000d71acad0,0x00000000d7200000)
  to   space 4608K, 0% used [0x00000000d7200000,0x00000000d7200000,0x00000000d7680000)
 ParOldGen       total 68608K, used 11297K [0x0000000080000000, 0x0000000084300000, 0x00000000d5580000)
  object space 68608K, 16% used [0x0000000080000000,0x0000000080b08638,0x0000000084300000)
 Metaspace       used 20913K, committed 21504K, reserved 1114112K
  class space    used 2022K, committed 2304K, reserved 1048576K
}
Event: 2.950 GC heap before
{Heap before GC invocations=8 (full 1):
 PSYoungGen      total 28672K, used 3762K [0x00000000d5580000, 0x00000000d7680000, 0x0000000100000000)
  eden space 24576K, 0% used [0x00000000d5580000,0x00000000d5580000,0x00000000d6d80000)
  from space 4096K, 91% used [0x00000000d6e00000,0x00000000d71acad0,0x00000000d7200000)
  to   space 4608K, 0% used [0x00000000d7200000,0x00000000d7200000,0x00000000d7680000)
 ParOldGen       total 68608K, used 11297K [0x0000000080000000, 0x0000000084300000, 0x00000000d5580000)
  object space 68608K, 16% used [0x0000000080000000,0x0000000080b08638,0x0000000084300000)
 Metaspace       used 20913K, committed 21504K, reserved 1114112K
  class space    used 2022K, committed 2304K, reserved 1048576K
}
Event: 2.976 GC heap after
{Heap after GC invocations=8 (full 1):
 PSYoungGen      total 28672K, used 0K [0x00000000d5580000, 0x00000000d7680000, 0x0000000100000000)
  eden space 24576K, 0% used [0x00000000d5580000,0x00000000d5580000,0x00000000d6d80000)
  from space 4096K, 0% used [0x00000000d6e00000,0x00000000d6e00000,0x00000000d7200000)
  to   space 4608K, 0% used [0x00000000d7200000,0x00000000d7200000,0x00000000d7680000)
 ParOldGen       total 68608K, used 10726K [0x0000000080000000, 0x0000000084300000, 0x00000000d5580000)
  object space 68608K, 15% used [0x0000000080000000,0x0000000080a79858,0x0000000084300000)
 Metaspace       used 20900K, committed 21504K, reserved 1114112K
  class space    used 2018K, committed 2304K, reserved 1048576K
}
Event: 3.210 GC heap before
{Heap before GC invocations=9 (full 1):
 PSYoungGen      total 28672K, used 24576K [0x00000000d5580000, 0x00000000d7680000, 0x0000000100000000)
  eden space 24576K, 100% used [0x00000000d5580000,0x00000000d6d80000,0x00000000d6d80000)
  from space 4096K, 0% used [0x00000000d6e00000,0x00000000d6e00000,0x00000000d7200000)
  to   space 4608K, 0% used [0x00000000d7200000,0x00000000d7200000,0x00000000d7680000)
 ParOldGen       total 68608K, used 10726K [0x0000000080000000, 0x0000000084300000, 0x00000000d5580000)
  object space 68608K, 15% used [0x0000000080000000,0x0000000080a79858,0x0000000084300000)
 Metaspace       used 22665K, committed 23296K, reserved 1114112K
  class space    used 2148K, committed 2432K, reserved 1048576K
}
Event: 3.212 GC heap after
{Heap after GC invocations=9 (full 1):
 PSYoungGen      total 27136K, used 2942K [0x00000000d5580000, 0x00000000d7500000, 0x0000000100000000)
  eden space 24064K, 0% used [0x00000000d5580000,0x00000000d5580000,0x00000000d6d00000)
  from space 3072K, 95% used [0x00000000d7200000,0x00000000d74dfaf8,0x00000000d7500000)
  to   space 3584K, 0% used [0x00000000d6e00000,0x00000000d6e00000,0x00000000d7180000)
 ParOldGen       total 68608K, used 10734K [0x0000000080000000, 0x0000000084300000, 0x00000000d5580000)
  object space 68608K, 15% used [0x0000000080000000,0x0000000080a7b858,0x0000000084300000)
 Metaspace       used 22665K, committed 23296K, reserved 1114112K
  class space    used 2148K, committed 2432K, reserved 1048576K
}
Event: 3.703 GC heap before
{Heap before GC invocations=10 (full 1):
 PSYoungGen      total 27136K, used 27006K [0x00000000d5580000, 0x00000000d7500000, 0x0000000100000000)
  eden space 24064K, 100% used [0x00000000d5580000,0x00000000d6d00000,0x00000000d6d00000)
  from space 3072K, 95% used [0x00000000d7200000,0x00000000d74dfaf8,0x00000000d7500000)
  to   space 3584K, 0% used [0x00000000d6e00000,0x00000000d6e00000,0x00000000d7180000)
 ParOldGen       total 68608K, used 10734K [0x0000000080000000, 0x0000000084300000, 0x00000000d5580000)
  object space 68608K, 15% used [0x0000000080000000,0x0000000080a7b858,0x0000000084300000)
 Metaspace       used 26961K, committed 27712K, reserved 1114112K
  class space    used 2614K, committed 2944K, reserved 1048576K
}
Event: 3.705 GC heap after
{Heap after GC invocations=10 (full 1):
 PSYoungGen      total 27136K, used 3560K [0x00000000d5580000, 0x00000000d7480000, 0x0000000100000000)
  eden space 23552K, 0% used [0x00000000d5580000,0x00000000d5580000,0x00000000d6c80000)
  from space 3584K, 99% used [0x00000000d6e00000,0x00000000d717a2d0,0x00000000d7180000)
  to   space 3072K, 0% used [0x00000000d7180000,0x00000000d7180000,0x00000000d7480000)
 ParOldGen       total 68608K, used 10843K [0x0000000080000000, 0x0000000084300000, 0x00000000d5580000)
  object space 68608K, 15% used [0x0000000080000000,0x0000000080a96fe0,0x0000000084300000)
 Metaspace       used 26961K, committed 27712K, reserved 1114112K
  class space    used 2614K, committed 2944K, reserved 1048576K
}
Event: 4.159 GC heap before
{Heap before GC invocations=11 (full 1):
 PSYoungGen      total 27136K, used 27112K [0x00000000d5580000, 0x00000000d7480000, 0x0000000100000000)
  eden space 23552K, 100% used [0x00000000d5580000,0x00000000d6c80000,0x00000000d6c80000)
  from space 3584K, 99% used [0x00000000d6e00000,0x00000000d717a2d0,0x00000000d7180000)
  to   space 3072K, 0% used [0x00000000d7180000,0x00000000d7180000,0x00000000d7480000)
 ParOldGen       total 68608K, used 10843K [0x0000000080000000, 0x0000000084300000, 0x00000000d5580000)
  object space 68608K, 15% used [0x0000000080000000,0x0000000080a96fe0,0x0000000084300000)
 Metaspace       used 29778K, committed 30592K, reserved 1114112K
  class space    used 2963K, committed 3328K, reserved 1048576K
}
Event: 4.165 GC heap after
{Heap after GC invocations=11 (full 1):
 PSYoungGen      total 25600K, used 2064K [0x00000000d5580000, 0x00000000d7400000, 0x0000000100000000)
  eden space 23040K, 0% used [0x00000000d5580000,0x00000000d5580000,0x00000000d6c00000)
  from space 2560K, 80% used [0x00000000d7180000,0x00000000d7384030,0x00000000d7400000)
  to   space 3072K, 0% used [0x00000000d6e00000,0x00000000d6e00000,0x00000000d7100000)
 ParOldGen       total 68608K, used 13501K [0x0000000080000000, 0x0000000084300000, 0x00000000d5580000)
  object space 68608K, 19% used [0x0000000080000000,0x0000000080d2f4f0,0x0000000084300000)
 Metaspace       used 29778K, committed 30592K, reserved 1114112K
  class space    used 2963K, committed 3328K, reserved 1048576K
}
Event: 4.672 GC heap before
{Heap before GC invocations=12 (full 1):
 PSYoungGen      total 25600K, used 25104K [0x00000000d5580000, 0x00000000d7400000, 0x0000000100000000)
  eden space 23040K, 100% used [0x00000000d5580000,0x00000000d6c00000,0x00000000d6c00000)
  from space 2560K, 80% used [0x00000000d7180000,0x00000000d7384030,0x00000000d7400000)
  to   space 3072K, 0% used [0x00000000d6e00000,0x00000000d6e00000,0x00000000d7100000)
 ParOldGen       total 68608K, used 13501K [0x0000000080000000, 0x0000000084300000, 0x00000000d5580000)
  object space 68608K, 19% used [0x0000000080000000,0x0000000080d2f4f0,0x0000000084300000)
 Metaspace       used 32768K, committed 33600K, reserved 1114112K
  class space    used 3268K, committed 3648K, reserved 1048576K
}
Event: 4.675 GC heap after
{Heap after GC invocations=12 (full 1):
 PSYoungGen      total 24576K, used 1760K [0x00000000d5580000, 0x00000000d7200000, 0x0000000100000000)
  eden space 22528K, 0% used [0x00000000d5580000,0x00000000d5580000,0x00000000d6b80000)
  from space 2048K, 85% used [0x00000000d6e00000,0x00000000d6fb8020,0x00000000d7000000)
  to   space 2048K, 0% used [0x00000000d7000000,0x00000000d7000000,0x00000000d7200000)
 ParOldGen       total 68608K, used 15285K [0x0000000080000000, 0x0000000084300000, 0x00000000d5580000)
  object space 68608K, 22% used [0x0000000080000000,0x0000000080eed750,0x0000000084300000)
 Metaspace       used 32768K, committed 33600K, reserved 1114112K
  class space    used 3268K, committed 3648K, reserved 1048576K
}

Dll operation events (12 events):
Event: 0.050 Loaded shared library c:\Users\FP504508\.vscode\extensions\redhat.java-1.54.0-win32-x64\jre\21.0.10-win32-x86_64\bin\java.dll
Event: 0.163 Loaded shared library c:\Users\FP504508\.vscode\extensions\redhat.java-1.54.0-win32-x64\jre\21.0.10-win32-x86_64\bin\zip.dll
Event: 0.185 Loaded shared library C:\Users\FP504508\.vscode\extensions\redhat.java-1.54.0-win32-x64\jre\21.0.10-win32-x86_64\bin\instrument.dll
Event: 0.194 Loaded shared library C:\Users\FP504508\.vscode\extensions\redhat.java-1.54.0-win32-x64\jre\21.0.10-win32-x86_64\bin\net.dll
Event: 0.203 Loaded shared library C:\Users\FP504508\.vscode\extensions\redhat.java-1.54.0-win32-x64\jre\21.0.10-win32-x86_64\bin\nio.dll
Event: 0.205 Loaded shared library C:\Users\FP504508\.vscode\extensions\redhat.java-1.54.0-win32-x64\jre\21.0.10-win32-x86_64\bin\zip.dll
Event: 0.225 Loaded shared library C:\Users\FP504508\.vscode\extensions\redhat.java-1.54.0-win32-x64\jre\21.0.10-win32-x86_64\bin\jimage.dll
Event: 0.298 Loaded shared library c:\Users\FP504508\.vscode\extensions\redhat.java-1.54.0-win32-x64\jre\21.0.10-win32-x86_64\bin\verify.dll
Event: 1.543 Loaded shared library C:\Users\FP504508\AppData\Roaming\Code\User\globalStorage\redhat.java\1.54.0\config_ss_win\org.eclipse.equinox.launcher\org.eclipse.equinox.launcher.win32.win32.x86_64_1.3.0.v20260203-2149\eclipse_11919.dll
Event: 2.436 Loaded shared library C:\Users\FP504508\.vscode\extensions\redhat.java-1.54.0-win32-x64\jre\21.0.10-win32-x86_64\bin\management.dll
Event: 2.452 Loaded shared library C:\Users\FP504508\.vscode\extensions\redhat.java-1.54.0-win32-x64\jre\21.0.10-win32-x86_64\bin\management_ext.dll
Event: 3.559 Loaded shared library C:\Users\FP504508\AppData\Local\Temp\jna-1286765230\jna17572361670914416373.dll

Deoptimization events (20 events):
Event: 4.604 Thread 0x000002c4f1c53140 DEOPT PACKING pc=0x000002c4dd79d6fc sp=0x000000f1d33fc370
Event: 4.604 Thread 0x000002c4f1c53140 DEOPT UNPACKING pc=0x000002c4dd066da2 sp=0x000000f1d33fc2f0 mode 2
Event: 4.607 Thread 0x000002c4f1c53140 Uncommon trap: trap_request=0xffffff45 fr.pc=0x000002c4dd76b400 relative=0x0000000000005ae0
Event: 4.607 Thread 0x000002c4f1c53140 Uncommon trap: reason=unstable_if action=reinterpret pc=0x000002c4dd76b400 method=java.lang.invoke.MethodType.genericMethodType(IZ)Ljava/lang/invoke/MethodType; @ 27 c2
Event: 4.607 Thread 0x000002c4f1c53140 DEOPT PACKING pc=0x000002c4dd76b400 sp=0x000000f1d33fb790
Event: 4.607 Thread 0x000002c4f1c53140 DEOPT UNPACKING pc=0x000002c4dd066da2 sp=0x000000f1d33fb5b0 mode 2
Event: 4.607 Thread 0x000002c4f1c53140 Uncommon trap: trap_request=0xffffff45 fr.pc=0x000002c4dd79e1c8 relative=0x0000000000000348
Event: 4.607 Thread 0x000002c4f1c53140 Uncommon trap: reason=unstable_if action=reinterpret pc=0x000002c4dd79e1c8 method=java.lang.invoke.MethodType.genericMethodType(IZ)Ljava/lang/invoke/MethodType; @ 27 c2
Event: 4.607 Thread 0x000002c4f1c53140 DEOPT PACKING pc=0x000002c4dd79e1c8 sp=0x000000f1d33fb6b0
Event: 4.607 Thread 0x000002c4f1c53140 DEOPT UNPACKING pc=0x000002c4dd066da2 sp=0x000000f1d33fb5a8 mode 2
Event: 4.620 Thread 0x000002c4f1c53140 DEOPT PACKING pc=0x000002c4d64089c9 sp=0x000000f1d33f82f0
Event: 4.620 Thread 0x000002c4f1c53140 DEOPT UNPACKING pc=0x000002c4dd0678e2 sp=0x000000f1d33f7760 mode 0
Event: 4.636 Thread 0x000002c4f1c53140 DEOPT PACKING pc=0x000002c4d64089c9 sp=0x000000f1d33fc740
Event: 4.636 Thread 0x000002c4f1c53140 DEOPT UNPACKING pc=0x000002c4dd0678e2 sp=0x000000f1d33fbbb0 mode 0
Event: 4.638 Thread 0x000002c4f1c53140 DEOPT PACKING pc=0x000002c4d64089c9 sp=0x000000f1d33fc550
Event: 4.638 Thread 0x000002c4f1c53140 DEOPT UNPACKING pc=0x000002c4dd0678e2 sp=0x000000f1d33fb9c0 mode 0
Event: 4.699 Thread 0x000002c4f1c53140 Uncommon trap: trap_request=0xffffff45 fr.pc=0x000002c4dd7f5a0c relative=0x000000000000036c
Event: 4.699 Thread 0x000002c4f1c53140 Uncommon trap: reason=unstable_if action=reinterpret pc=0x000002c4dd7f5a0c method=jdk.internal.jimage.ImageReader$SharedImageReader.findNode(Ljava/lang/String;)Ljdk/internal/jimage/ImageReader$Node; @ 25 c2
Event: 4.699 Thread 0x000002c4f1c53140 DEOPT PACKING pc=0x000002c4dd7f5a0c sp=0x000000f1d33fd1d0
Event: 4.699 Thread 0x000002c4f1c53140 DEOPT UNPACKING pc=0x000002c4dd066da2 sp=0x000000f1d33fd198 mode 2

Classes loaded (20 events):
Event: 4.657 Loading class java/nio/file/FileTreeWalker$DirectoryNode
Event: 4.657 Loading class java/nio/file/FileTreeWalker$DirectoryNode done
Event: 4.657 Loading class java/nio/file/FileTreeWalker$Event
Event: 4.657 Loading class java/nio/file/FileTreeWalker$Event done
Event: 4.657 Loading class java/nio/file/FileTreeWalker$EventType
Event: 4.657 Loading class java/nio/file/FileTreeWalker$EventType done
Event: 4.658 Loading class java/nio/file/Files$3
Event: 4.658 Loading class java/nio/file/Files$3 done
Event: 4.658 Loading class java/nio/file/FileVisitResult
Event: 4.658 Loading class java/nio/file/FileVisitResult done
Event: 4.701 Loading class java/lang/runtime/ObjectMethods
Event: 4.701 Loading class java/lang/runtime/ObjectMethods done
Event: 4.703 Loading class java/lang/invoke/MethodHandleImpl$Makers
Event: 4.703 Loading class java/lang/invoke/MethodHandleImpl$Makers done
Event: 4.703 Loading class java/lang/invoke/MethodHandleImpl$Makers$1
Event: 4.703 Loading class java/lang/invoke/MethodHandleImpl$Makers$1 done
Event: 4.703 Loading class java/lang/invoke/MethodHandleImpl$Makers$2
Event: 4.703 Loading class java/lang/invoke/MethodHandleImpl$Makers$2 done
Event: 4.703 Loading class java/lang/invoke/MethodHandleImpl$Makers$3
Event: 4.703 Loading class java/lang/invoke/MethodHandleImpl$Makers$3 done

Classes unloaded (7 events):
Event: 2.954 Thread 0x000002c4e9373eb0 Unloading class 0x000002c4811a0800 'java/lang/invoke/LambdaForm$MH+0x000002c4811a0800'
Event: 2.954 Thread 0x000002c4e9373eb0 Unloading class 0x000002c4811a0400 'java/lang/invoke/LambdaForm$MH+0x000002c4811a0400'
Event: 2.954 Thread 0x000002c4e9373eb0 Unloading class 0x000002c4811a0000 'java/lang/invoke/LambdaForm$MH+0x000002c4811a0000'
Event: 2.954 Thread 0x000002c4e9373eb0 Unloading class 0x000002c48119fc00 'java/lang/invoke/LambdaForm$MH+0x000002c48119fc00'
Event: 2.954 Thread 0x000002c4e9373eb0 Unloading class 0x000002c48119f800 'java/lang/invoke/LambdaForm$BMH+0x000002c48119f800'
Event: 2.954 Thread 0x000002c4e9373eb0 Unloading class 0x000002c48119f400 'java/lang/invoke/LambdaForm$DMH+0x000002c48119f400'
Event: 2.954 Thread 0x000002c4e9373eb0 Unloading class 0x000002c48119e000 'java/lang/invoke/LambdaForm$DMH+0x000002c48119e000'

Classes redefined (0 events):
No events

Internal exceptions (20 events):
Event: 4.441 Thread 0x000002c4f1c53140 Exception <a 'sun/nio/fs/WindowsException'{0x00000000d614b598}> (0x00000000d614b598) 
thrown [s\src\hotspot\share\prims\jni.cpp, line 520]
Event: 4.460 Thread 0x000002c4f1c53140 Exception <a 'sun/nio/fs/WindowsException'{0x00000000d622e488}> (0x00000000d622e488) 
thrown [s\src\hotspot\share\prims\jni.cpp, line 520]
Event: 4.464 Thread 0x000002c4f1c53140 Exception <a 'sun/nio/fs/WindowsException'{0x00000000d6247180}> (0x00000000d6247180) 
thrown [s\src\hotspot\share\prims\jni.cpp, line 520]
Event: 4.469 Thread 0x000002c4f1c53140 Exception <a 'sun/nio/fs/WindowsException'{0x00000000d625e198}> (0x00000000d625e198) 
thrown [s\src\hotspot\share\prims\jni.cpp, line 520]
Event: 4.469 Thread 0x000002c4f1c53140 Exception <a 'sun/nio/fs/WindowsException'{0x00000000d625ea78}> (0x00000000d625ea78) 
thrown [s\src\hotspot\share\prims\jni.cpp, line 520]
Event: 4.469 Thread 0x000002c4f1c53140 Exception <a 'sun/nio/fs/WindowsException'{0x00000000d625f6d0}> (0x00000000d625f6d0) 
thrown [s\src\hotspot\share\prims\jni.cpp, line 520]
Event: 4.469 Thread 0x000002c4f1c53140 Exception <a 'sun/nio/fs/WindowsException'{0x00000000d625ffb0}> (0x00000000d625ffb0) 
thrown [s\src\hotspot\share\prims\jni.cpp, line 520]
Event: 4.481 Thread 0x000002c4f1c53140 Exception <a 'sun/nio/fs/WindowsException'{0x00000000d629ffb0}> (0x00000000d629ffb0) 
thrown [s\src\hotspot\share\prims\jni.cpp, line 520]
Event: 4.501 Thread 0x000002c4f1c53140 Exception <a 'sun/nio/fs/WindowsException'{0x00000000d6342398}> (0x00000000d6342398) 
thrown [s\src\hotspot\share\prims\jni.cpp, line 520]
Event: 4.503 Thread 0x000002c4f1c53140 Exception <a 'java/io/FileNotFoundException'{0x00000000d6350690}> (0x00000000d6350690) 
thrown [s\src\hotspot\share\prims\jni.cpp, line 520]
Event: 4.503 Thread 0x000002c4f1c53140 Exception <a 'java/io/FileNotFoundException'{0x00000000d6351700}> (0x00000000d6351700) 
thrown [s\src\hotspot\share\prims\jni.cpp, line 520]
Event: 4.516 Thread 0x000002c4f1c53140 Exception <a 'sun/nio/fs/WindowsException'{0x00000000d639d308}> (0x00000000d639d308) 
thrown [s\src\hotspot\share\prims\jni.cpp, line 520]
Event: 4.541 Thread 0x000002c4f1c53140 Exception <a 'java/lang/ClassNotFoundException'{0x00000000d643eb80}: com/sun/org/apache/xerces/internal/impl/msg/spi/DOMMessagesProvider> (0x00000000d643eb80) 
thrown [s\src\hotspot\share\classfile\systemDictionary.cpp, line 312]
Event: 4.543 Thread 0x000002c4f1c53140 Exception <a 'java/lang/ClassNotFoundException'{0x00000000d6463470}: com/sun/org/apache/xerces/internal/impl/msg/spi/XMLSerializerMessagesProvider> (0x00000000d6463470) 
thrown [s\src\hotspot\share\classfile\systemDictionary.cpp, line 312]
Event: 4.544 Thread 0x000002c4f1c53140 Exception <a 'java/lang/ClassNotFoundException'{0x00000000d647ba38}: com/sun/org/apache/xerces/internal/impl/msg/spi/XMLMessagesProvider> (0x00000000d647ba38) 
thrown [s\src\hotspot\share\classfile\systemDictionary.cpp, line 312]
Event: 4.604 Thread 0x000002c4f1c53140 Implicit null exception at 0x000002c4dd79d477 to 0x000002c4dd79d6e8
Event: 4.604 Thread 0x000002c4f1c53140 Exception <a 'java/lang/NoSuchMethodError'{0x00000000d6822388}: 'long java.lang.invoke.DirectMethodHandle$Holder.invokeStatic(java.lang.Object, java.lang.Object, int)'> (0x00000000d6822388) 
thrown [s\src\hotspot\share\interpreter\linkResolver.cpp, line 773]
Event: 4.605 Thread 0x000002c4f1c53140 Exception <a 'java/lang/NoSuchMethodError'{0x00000000d682d458}: 'java.lang.Object java.lang.invoke.DelegatingMethodHandle$Holder.reinvoke_L(java.lang.Object, int, long, java.lang.Object, java.lang.Object, int, java.lang.Object)'> (0x00000000d682d458) 
thrown [s\src\hotspot\share\interpreter\linkResolver.cpp, line 773]
Event: 4.701 Thread 0x000002c4f1c53140 Exception <a 'java/lang/NoSuchMethodError'{0x00000000d574b868}: 'java.lang.Object java.lang.invoke.DirectMethodHandle$Holder.invokeStaticInit(java.lang.Object, java.lang.Object, java.lang.Object, java.lang.Object, java.lang.Object, java.lang.Object, java.lang.Object)'> (0x00000000d574b868) 
thrown [s\src\hotspot\share\interpreter\linkResolver.cpp, line 773]
Event: 4.702 Thread 0x000002c4f1c53140 Exception <a 'java/lang/NoSuchMethodError'{0x00000000d57509f0}: 'java.lang.Object java.lang.invoke.Invokers$Holder.invoke_MT(java.lang.Object, java.lang.Object, java.lang.Object, java.lang.Object, java.lang.Object, java.lang.Object, java.lang.Object, java.lang.Object, java.lang.Object, java.lang.Object)'> (0x00000000d57509f0) 
thrown [s\src\hotspot\share\interpreter\linkResolver.cpp, line 773]

ZGC Phase Switch (0 events):
No events

VM Operations (20 events):
Event: 3.572 Executing non-safepoint VM operation: HandshakeAllThreads (Deoptimize)
Event: 3.572 Executing non-safepoint VM operation: HandshakeAllThreads (Deoptimize) done
Event: 3.703 Executing safepoint VM operation: ParallelGCFailedAllocation (Allocation Failure)
Event: 3.705 Executing safepoint VM operation: ParallelGCFailedAllocation (Allocation Failure) done
Event: 3.953 Executing non-safepoint VM operation: HandshakeAllThreads (Deoptimize)
Event: 3.953 Executing non-safepoint VM operation: HandshakeAllThreads (Deoptimize) done
Event: 4.159 Executing safepoint VM operation: ParallelGCFailedAllocation (Allocation Failure)
Event: 4.165 Executing safepoint VM operation: ParallelGCFailedAllocation (Allocation Failure) done
Event: 4.450 Executing non-safepoint VM operation: HandshakeAllThreads (Deoptimize)
Event: 4.450 Executing non-safepoint VM operation: HandshakeAllThreads (Deoptimize) done
Event: 4.586 Executing non-safepoint VM operation: HandshakeAllThreads (Deoptimize)
Event: 4.586 Executing non-safepoint VM operation: HandshakeAllThreads (Deoptimize) done
Event: 4.592 Executing non-safepoint VM operation: HandshakeAllThreads (Deoptimize)
Event: 4.592 Executing non-safepoint VM operation: HandshakeAllThreads (Deoptimize) done
Event: 4.621 Executing non-safepoint VM operation: HandshakeAllThreads (Deoptimize)
Event: 4.621 Executing non-safepoint VM operation: HandshakeAllThreads (Deoptimize) done
Event: 4.622 Executing non-safepoint VM operation: HandshakeAllThreads (Deoptimize)
Event: 4.622 Executing non-safepoint VM operation: HandshakeAllThreads (Deoptimize) done
Event: 4.672 Executing safepoint VM operation: ParallelGCFailedAllocation (Allocation Failure)
Event: 4.675 Executing safepoint VM operation: ParallelGCFailedAllocation (Allocation Failure) done

Memory protections (0 events):
No events

Nmethod flushes (0 events):
No events

Events (20 events):
Event: 1.591 Thread 0x000002c4efdfca80 Thread added: 0x000002c4efe01fd0
Event: 1.838 Thread 0x000002c4ef644fa0 Thread added: 0x000002c4efdfff00
Event: 2.284 Thread 0x000002c4ef644fa0 Thread added: 0x000002c4efe00590
Event: 2.582 Thread 0x000002c4ef644fa0 Thread added: 0x000002c4efdfd110
Event: 2.599 Thread 0x000002c4ef644fa0 Thread added: 0x000002c4efe01940
Event: 3.151 Thread 0x000002c4ef644fa0 Thread added: 0x000002c4efe02cf0
Event: 3.204 Thread 0x000002c4efe02cf0 Thread exited: 0x000002c4efe02cf0
Event: 3.577 Thread 0x000002c4ef644fa0 Thread added: 0x000002c4efe00c20
Event: 3.655 Thread 0x000002c4d03af190 Thread added: 0x000002c4efe012b0
Event: 3.655 Thread 0x000002c4d03af190 Thread added: 0x000002c4efdfc3f0
Event: 3.656 Thread 0x000002c4d03af190 Thread added: 0x000002c4efe02660
Event: 3.656 Thread 0x000002c4d03af190 Thread added: 0x000002c4efdfd7a0
Event: 3.656 Thread 0x000002c4d03af190 Thread added: 0x000002c4efe02cf0
Event: 3.656 Thread 0x000002c4d03af190 Thread added: 0x000002c4efdfe4c0
Event: 3.656 Thread 0x000002c4d03af190 Thread added: 0x000002c4efdfeb50
Event: 3.657 Thread 0x000002c4d03af190 Thread added: 0x000002c4efdfbd60
Event: 3.657 Thread 0x000002c4d03af190 Thread added: 0x000002c4efdfde30
Event: 3.684 Thread 0x000002c4d03af190 Thread added: 0x000002c4efdff1e0
Event: 3.830 Thread 0x000002c4d03af190 Thread added: 0x000002c4f1c4f630
Event: 3.830 Thread 0x000002c4d03af190 Thread added: 0x000002c4f1c53140


Dynamic libraries:
0x00007ff6c3670000 - 0x00007ff6c367e000 	c:\Users\FP504508\.vscode\extensions\redhat.java-1.54.0-win32-x64\jre\21.0.10-win32-x86_64\bin\java.exe
0x00007ff8314b0000 - 0x00007ff8316a9000 	C:\Windows\SYSTEM32\ntdll.dll
0x00007ff831190000 - 0x00007ff831252000 	C:\Windows\System32\KERNEL32.DLL
0x00007ff82ed50000 - 0x00007ff82f047000 	C:\Windows\System32\KERNELBASE.dll
0x00007ff82f2e0000 - 0x00007ff82f3e0000 	C:\Windows\System32\ucrtbase.dll
0x00007ff825720000 - 0x00007ff82573e000 	c:\Users\FP504508\.vscode\extensions\redhat.java-1.54.0-win32-x64\jre\21.0.10-win32-x86_64\bin\VCRUNTIME140.dll
0x00007ff811f30000 - 0x00007ff811f48000 	c:\Users\FP504508\.vscode\extensions\redhat.java-1.54.0-win32-x64\jre\21.0.10-win32-x86_64\bin\jli.dll
0x00007ff82f510000 - 0x00007ff82f6ad000 	C:\Windows\System32\USER32.dll
0x00007ff812740000 - 0x00007ff8129db000 	C:\Windows\WinSxS\amd64_microsoft.windows.common-controls_6595b64144ccf1df_6.0.19041.6926_none_60b5a53971f8f7e6\COMCTL32.dll
0x00007ff82eb20000 - 0x00007ff82eb42000 	C:\Windows\System32\win32u.dll
0x00007ff82fa50000 - 0x00007ff82faee000 	C:\Windows\System32\msvcrt.dll
0x00007ff8310d0000 - 0x00007ff8310fb000 	C:\Windows\System32\GDI32.dll
0x00007ff82eba0000 - 0x00007ff82ecba000 	C:\Windows\System32\gdi32full.dll
0x00007ff82f410000 - 0x00007ff82f4ad000 	C:\Windows\System32\msvcp_win.dll
0x00007ff830530000 - 0x00007ff83055f000 	C:\Windows\System32\IMM32.DLL
0x0000000063ad0000 - 0x0000000063b41000 	C:\Windows\System32\QIPCAP64.dll
0x00007ff830560000 - 0x00007ff830cd1000 	C:\Windows\System32\SHELL32.dll
0x00007ff82f970000 - 0x00007ff82fa46000 	C:\Windows\System32\OLEAUT32.dll
0x00007ff8301d0000 - 0x00007ff830523000 	C:\Windows\System32\combase.dll
0x00007ff82f6b0000 - 0x00007ff82f7d6000 	C:\Windows\System32\RPCRT4.dll
0x00007ff830060000 - 0x00007ff830111000 	C:\Windows\System32\ADVAPI32.dll
0x00007ff82f8d0000 - 0x00007ff82f96f000 	C:\Windows\System32\sechost.dll
0x00007ff82f3e0000 - 0x00007ff82f407000 	C:\Windows\System32\bcrypt.dll
0x00007ff82df00000 - 0x00007ff82dfca000 	C:\Windows\SYSTEM32\DNSAPI.dll
0x00007ff82dec0000 - 0x00007ff82defb000 	C:\Windows\SYSTEM32\IPHLPAPI.DLL
0x00007ff830040000 - 0x00007ff830048000 	C:\Windows\System32\NSI.dll
0x00007ff811f20000 - 0x00007ff811f2c000 	c:\Users\FP504508\.vscode\extensions\redhat.java-1.54.0-win32-x64\jre\21.0.10-win32-x86_64\bin\vcruntime140_1.dll
0x00007fffee9f0000 - 0x00007fffeea7d000 	c:\Users\FP504508\.vscode\extensions\redhat.java-1.54.0-win32-x64\jre\21.0.10-win32-x86_64\bin\msvcp140.dll
0x00007fff8f8d0000 - 0x00007fff90671000 	c:\Users\FP504508\.vscode\extensions\redhat.java-1.54.0-win32-x64\jre\21.0.10-win32-x86_64\bin\server\jvm.dll
0x00007ff831100000 - 0x00007ff83116b000 	C:\Windows\System32\WS2_32.dll
0x00007ff81ccd0000 - 0x00007ff81ccf7000 	C:\Windows\SYSTEM32\WINMM.dll
0x00007ff82e030000 - 0x00007ff82e07b000 	C:\Windows\SYSTEM32\POWRPROF.dll
0x00007ff826020000 - 0x00007ff82602a000 	C:\Windows\SYSTEM32\VERSION.dll
0x00007ff82dea0000 - 0x00007ff82deb2000 	C:\Windows\SYSTEM32\UMPDC.dll
0x00007ff82d060000 - 0x00007ff82d072000 	C:\Windows\SYSTEM32\kernel.appcore.dll
0x00007ff810ce0000 - 0x00007ff810cea000 	c:\Users\FP504508\.vscode\extensions\redhat.java-1.54.0-win32-x64\jre\21.0.10-win32-x86_64\bin\jimage.dll
0x00007ff82cd00000 - 0x00007ff82cf01000 	C:\Windows\SYSTEM32\DBGHELP.DLL
0x00007ff809610000 - 0x00007ff809644000 	C:\Windows\SYSTEM32\dbgcore.DLL
0x000002c4d2010000 - 0x000002c4d2092000 	C:\Windows\System32\bcryptPrimitives.dll
0x00007ff80e1e0000 - 0x00007ff80e1ef000 	c:\Users\FP504508\.vscode\extensions\redhat.java-1.54.0-win32-x64\jre\21.0.10-win32-x86_64\bin\instrument.dll
0x00007ff804b40000 - 0x00007ff804b60000 	c:\Users\FP504508\.vscode\extensions\redhat.java-1.54.0-win32-x64\jre\21.0.10-win32-x86_64\bin\java.dll
0x00007ff82c550000 - 0x00007ff82ccf6000 	C:\Windows\SYSTEM32\windows.storage.dll
0x00007ff82e460000 - 0x00007ff82e48b000 	C:\Windows\SYSTEM32\Wldp.dll
0x00007ff830ce0000 - 0x00007ff830d8d000 	C:\Windows\System32\SHCORE.dll
0x00007ff82f870000 - 0x00007ff82f8cb000 	C:\Windows\System32\shlwapi.dll
0x00007ff82ea40000 - 0x00007ff82ea64000 	C:\Windows\SYSTEM32\profapi.dll
0x00007fffffc40000 - 0x00007fffffc58000 	c:\Users\FP504508\.vscode\extensions\redhat.java-1.54.0-win32-x64\jre\21.0.10-win32-x86_64\bin\zip.dll
0x00007ff80df60000 - 0x00007ff80df70000 	C:\Users\FP504508\.vscode\extensions\redhat.java-1.54.0-win32-x64\jre\21.0.10-win32-x86_64\bin\net.dll
0x00007ff82da60000 - 0x00007ff82db6a000 	C:\Windows\SYSTEM32\WINHTTP.dll
0x00007ff82e210000 - 0x00007ff82e27a000 	C:\Windows\system32\mswsock.dll
0x00007ff801f10000 - 0x00007ff801f26000 	C:\Users\FP504508\.vscode\extensions\redhat.java-1.54.0-win32-x64\jre\21.0.10-win32-x86_64\bin\nio.dll
0x00007ff80df10000 - 0x00007ff80df20000 	c:\Users\FP504508\.vscode\extensions\redhat.java-1.54.0-win32-x64\jre\21.0.10-win32-x86_64\bin\verify.dll
0x00007fffee850000 - 0x00007fffee895000 	C:\Users\FP504508\AppData\Roaming\Code\User\globalStorage\redhat.java\1.54.0\config_ss_win\org.eclipse.equinox.launcher\org.eclipse.equinox.launcher.win32.win32.x86_64_1.3.0.v20260203-2149\eclipse_11919.dll
0x00007ff830df0000 - 0x00007ff830f1b000 	C:\Windows\System32\ole32.dll
0x00007ff80d130000 - 0x00007ff80d13a000 	C:\Users\FP504508\.vscode\extensions\redhat.java-1.54.0-win32-x64\jre\21.0.10-win32-x86_64\bin\management.dll
0x00007ff80d100000 - 0x00007ff80d10c000 	C:\Users\FP504508\.vscode\extensions\redhat.java-1.54.0-win32-x64\jre\21.0.10-win32-x86_64\bin\management_ext.dll
0x00007ff831460000 - 0x00007ff831468000 	C:\Windows\System32\PSAPI.DLL
0x00007ff82e4a0000 - 0x00007ff82e4b8000 	C:\Windows\SYSTEM32\CRYPTSP.dll
0x00007ff82d9d0000 - 0x00007ff82da08000 	C:\Windows\system32\rsaenh.dll
0x00007ff82e9c0000 - 0x00007ff82e9ee000 	C:\Windows\SYSTEM32\USERENV.dll
0x00007ff82e3d0000 - 0x00007ff82e3dc000 	C:\Windows\SYSTEM32\CRYPTBASE.dll
0x00007fffdfea0000 - 0x00007fffdfee9000 	C:\Users\FP504508\AppData\Local\Temp\jna-1286765230\jna17572361670914416373.dll
0x00007ff825f90000 - 0x00007ff825fa7000 	C:\Windows\SYSTEM32\dhcpcsvc6.DLL
0x00007ff825f10000 - 0x00007ff825f2d000 	C:\Windows\SYSTEM32\dhcpcsvc.DLL

JVMTI agents:
c:\Users\FP504508\.vscode\extensions\redhat.java-1.54.0-win32-x64\lombok\lombok-1.18.39-4050.jar path:c:\Users\FP504508\.vscode\extensions\redhat.java-1.54.0-win32-x64\jre\21.0.10-win32-x86_64\bin\instrument.dll, loaded, initialized, instrumentlib options:none

dbghelp: loaded successfully - version: 4.0.5 - missing functions: none
symbol engine: initialized successfully - sym options: 0x614 - pdb path: .;c:\Users\FP504508\.vscode\extensions\redhat.java-1.54.0-win32-x64\jre\21.0.10-win32-x86_64\bin;C:\Windows\SYSTEM32;C:\Windows\WinSxS\amd64_microsoft.windows.common-controls_6595b64144ccf1df_6.0.19041.6926_none_60b5a53971f8f7e6;c:\Users\FP504508\.vscode\extensions\redhat.java-1.54.0-win32-x64\jre\21.0.10-win32-x86_64\bin\server;C:\Users\FP504508\AppData\Roaming\Code\User\globalStorage\redhat.java\1.54.0\config_ss_win\org.eclipse.equinox.launcher\org.eclipse.equinox.launcher.win32.win32.x86_64_1.3.0.v20260203-2149;C:\Users\FP504508\AppData\Local\Temp\jna-1286765230

VM Arguments:
jvm_args: --add-modules=ALL-SYSTEM --add-opens=java.base/java.util=ALL-UNNAMED --add-opens=java.base/java.lang=ALL-UNNAMED --add-opens=java.base/sun.nio.fs=ALL-UNNAMED -Declipse.application=org.eclipse.jdt.ls.core.id1 -Dosgi.bundles.defaultStartLevel=4 -Declipse.product=org.eclipse.jdt.ls.core.product -Djava.import.generatesMetadataFilesAtProjectRoot=false -DDetectVMInstallationsJob.disabled=true -Dfile.encoding=utf8 -XX:+UseParallelGC -XX:GCTimeRatio=4 -XX:AdaptiveSizePolicyWeight=90 -Dsun.zip.disableMemoryMapping=true -Xmx2G -Xms100m -Xlog:disable -javaagent:c:\Users\FP504508\.vscode\extensions\redhat.java-1.54.0-win32-x64\lombok\lombok-1.18.39-4050.jar 
java_command: c:\Users\FP504508\.vscode\extensions\redhat.java-1.54.0-win32-x64\server\plugins\org.eclipse.equinox.launcher_1.7.100.v20251111-0406.jar -configuration c:\Users\FP504508\AppData\Roaming\Code\User\globalStorage\redhat.java\1.54.0\config_ss_win -data c:\Users\FP504508\AppData\Roaming\Code\User\workspaceStorage\fffd1d3664af77027f2cff92e7ff2896\redhat.java\ss_ws --pipe=\\.\pipe\lsp-131a0c35693d3c09b120b5fe32ace5e7-sock
java_class_path (initial): c:\Users\FP504508\.vscode\extensions\redhat.java-1.54.0-win32-x64\server\plugins\org.eclipse.equinox.launcher_1.7.100.v20251111-0406.jar
Launcher Type: SUN_STANDARD

[Global flags]
    uintx AdaptiveSizePolicyWeight                 = 90                                        {product} {command line}
     intx CICompilerCount                          = 4                                         {product} {ergonomic}
    uintx GCTimeRatio                              = 4                                         {product} {command line}
   size_t InitialHeapSize                          = 104857600                                 {product} {command line}
   size_t MaxHeapSize                              = 2147483648                                {product} {command line}
   size_t MaxNewSize                               = 715653120                                 {product} {ergonomic}
   size_t MinHeapDeltaBytes                        = 524288                                    {product} {ergonomic}
   size_t MinHeapSize                              = 104857600                                 {product} {command line}
   size_t NewSize                                  = 34603008                                  {product} {ergonomic}
    uintx NonNMethodCodeHeapSize                   = 5839372                                {pd product} {ergonomic}
    uintx NonProfiledCodeHeapSize                  = 122909434                              {pd product} {ergonomic}
   size_t OldSize                                  = 70254592                                  {product} {ergonomic}
    uintx ProfiledCodeHeapSize                     = 122909434                              {pd product} {ergonomic}
    uintx ReservedCodeCacheSize                    = 251658240                              {pd product} {ergonomic}
     bool SegmentedCodeCache                       = true                                      {product} {ergonomic}
   size_t SoftMaxHeapSize                          = 2147483648                             {manageable} {ergonomic}
     bool UseCompressedOops                        = true                           {product lp64_product} {ergonomic}
     bool UseLargePagesIndividualAllocation        = false                                  {pd product} {ergonomic}
     bool UseParallelGC                            = true                                      {product} {command line}

Logging:
Log output configuration:
 #0: stdout all=off uptime,level,tags foldmultilines=false
 #1: stderr all=off uptime,level,tags foldmultilines=false

Release file:
JAVA_VERSION="21.0.10" 
MODULES="java.base java.compiler java.datatransfer java.xml java.prefs java.desktop java.instrument java.logging java.management java.security.sasl java.naming java.rmi java.management.rmi java.net.http java.scripting java.security.jgss java.transaction.xa java.sql java.sql.rowset java.xml.crypto java.se java.smartcardio jdk.accessibility jdk.internal.jvmstat jdk.attach jdk.charsets jdk.internal.opt jdk.zipfs jdk.compiler jdk.crypto.ec jdk.crypto.cryptoki jdk.crypto.mscapi jdk.dynalink jdk.internal.ed jdk.editpad jdk.hotspot.agent jdk.httpserver jdk.internal.le jdk.internal.vm.ci jdk.internal.vm.compiler jdk.internal.vm.compiler.management jdk.jartool jdk.javadoc jdk.jcmd jdk.management jdk.management.agent jdk.jconsole jdk.jdeps jdk.jdwp.agent jdk.jdi jdk.jfr jdk.jshell jdk.jsobject jdk.jstatd jdk.localedata jdk.management.jfr jdk.naming.dns jdk.naming.rmi jdk.net jdk.nio.mapmode jdk.random jdk.sctp jdk.security.auth jdk.security.jgss jdk.unsupported jdk.unsupported.desktop jdk.xml.dom" 

Environment Variables:
JAVA_HOME=C:\Program Files\Java\jdk-17
PATH=C:\Program Files\Microsoft SDKs\Azure\CLI2\wbin;C:\Program Files\Common Files\Oracle\Java\javapath;C:\Program Files (x86)\Common Files\Oracle\Java\javapath;C:\Windows\system32;C:\Windows;C:\Windows\System32\Wbem;C:\Windows\System32\WindowsPowerShell\v1.0\;C:\Windows\System32\OpenSSH\;C:\Program Files\Java\jdk-17\bin;C:\apache-maven-3.9.5\bin;C:\Program Files\GitHub CLI\;C:\ProgramData\chocolatey\bin;C:\Program Files\nodejs\;C:\Program Files\Docker\Docker\resources\bin;C:\Program Files\Git\cmd;C:\Program Files\MySQL\MySQL Shell 8.0\bin\;C:\Users\FP504508\AppData\Local\Microsoft\WindowsApps;C:\Program Files\JetBrains\IntelliJ IDEA 2023.2.2\bin;;C:\Users\FP504508\AppData\Local\Programs\Microsoft VS Code\bin;C:\Users\FP504508\AppData\Roaming\npm;C:\Users\FP504508\AppData\Local\GitHubDesktop\bin;C:\Users\FP504508\AppData\Local\Microsoft\WinGet\Links;
USERNAME=FP504508
OS=Windows_NT
PROCESSOR_IDENTIFIER=Intel64 Family 6 Model 140 Stepping 1, GenuineIntel
TMP=C:\Users\FP504508\AppData\Local\Temp
TEMP=C:\Users\FP504508\AppData\Local\Temp




Periodic native trim disabled

---------------  S Y S T E M  ---------------

OS:
 Windows 10 , 64 bit Build 19041 (10.0.19041.7291)
OS uptime: 7 days 22:13 hours
Hyper-V role detected

CPU: total 8 (initial active 8) (4 cores per cpu, 2 threads per core) family 6 model 140 stepping 1 microcode 0xbe, cx8, cmov, fxsr, ht, mmx, 3dnowpref, sse, sse2, sse3, ssse3, sse4.1, sse4.2, popcnt, lzcnt, tsc, tscinvbit, avx, avx2, aes, erms, clmul, bmi1, bmi2, adx, avx512f, avx512dq, avx512cd, avx512bw, avx512vl, sha, fma, vzeroupper, avx512_vpopcntdq, avx512_vpclmulqdq, avx512_vaes, avx512_vnni, clflush, clflushopt, clwb, avx512_vbmi2, avx512_vbmi, hv, rdtscp, rdpid, fsrm, gfni, avx512_bitalg, f16c, cet_ibt, cet_ss, avx512_ifma
Processor Information for the first 8 processors :
  Max Mhz: 2995, Current Mhz: 2995, Mhz Limit: 2995

Memory: 4k page, system-wide physical 24256M (793M free)
TotalPageFile size 24256M (AvailPageFile size 5M)
current process WorkingSet (physical memory assigned to process): 191M, peak: 191M
current process commit charge ("private bytes"): 318M, peak: 319M

vm_info: OpenJDK 64-Bit Server VM (21.0.10+7-LTS) for windows-amd64 JRE (21.0.10+7-LTS), built on 2026-01-20T00:00:00Z by "admin" with MS VC++ 17.12 (VS2022)

END.
